Hello Arnaud! 👋 

How can I help you with the Qwen Code project today?